

===== launch 2026-06-23 17:45:48 (model=gemma4:e4b) =====
╔══════════════════════════════════════════════════════════════════════════════╗
║                 1D SWARM (resume-safe)  preset=paper-grade-1d                ║
║              pde=burgers  tag=v2_pso_burgers_seed2024  seed=2024             ║
╚══════════════════════════════════════════════════════════════════════════════╝
  Config: 16 labs x 20 iter, res=128, train=256, epochs/iter=40, device=cuda
  Agentic: OFF
  Run dir: C:\Users\luisl\repos\AI-SC\nod\results\swarm_runs\v2_pso_burgers_seed2024
  Generating Burgers-1D data...
  Train: (256, 1, 128), Test: (64, 1, 128)

  Cached data to C:\Users\luisl\repos\AI-SC\nod\results\swarm_runs\v2_pso_burgers_seed2024\data.pt
  No checkpoint found — initializing fresh swarm

================================================================================
  INITIALIZING AI SCIENTIFIC COMMUNITY (1D)
================================================================================
  Lab 0 (fno): blocks=['fourier', 'fourier', 'fourier', 'fourier'], ch=64, modes=12
  Lab 1 (fno): blocks=['fourier', 'fourier', 'fourier', 'fourier'], ch=64, modes=12
  Lab 2 (deeponet): blocks=['branch_trunk', 'branch_trunk', 'branch_trunk', 'branch_trunk'], ch=64, modes=8
  Lab 3 (deeponet): blocks=['branch_trunk', 'branch_trunk', 'branch_trunk', 'branch_trunk'], ch=64, modes=8
  Lab 4 (transformer): blocks=['attention', 'attention', 'attention'], ch=64, modes=8
  Lab 5 (transformer): blocks=['attention', 'attention', 'attention'], ch=64, modes=8
  Lab 6 (wavelet): blocks=['wavelet', 'wavelet', 'wavelet', 'wavelet'], ch=48, modes=8
  Lab 7 (hybrid_fno_attn): blocks=['fourier', 'attention', 'fourier', 'attention'], ch=64, modes=10
  Lab 8 (random): blocks=['residual_conv', 'attention', 'wavelet'], ch=32, modes=8
  Lab 9 (random): blocks=['branch_trunk', 'branch_trunk', 'attention', 'branch_trunk', 'wavelet'], ch=96, modes=8
  Lab 10 (random): blocks=['branch_trunk', 'residual_conv'], ch=64, modes=12
  Lab 11 (random): blocks=['wavelet', 'branch_trunk', 'attention'], ch=48, modes=8
  Lab 12 (wavelet): blocks=['wavelet', 'wavelet', 'wavelet', 'wavelet'], ch=48, modes=8
  Lab 13 (deeponet): blocks=['branch_trunk', 'branch_trunk', 'branch_trunk', 'branch_trunk'], ch=64, modes=8
  Lab 14 (random): blocks=['branch_trunk', 'attention', 'residual_conv'], ch=32, modes=4
  Lab 15 (transformer): blocks=['attention', 'attention', 'attention'], ch=64, modes=8

  Initialized 16 virtual 1D labs across 6 paradigms

================================================================================
  BEGINNING SWARM ITERATIONS
================================================================================

────────────────────────────────────────────────────────────────────────────────
  ITERATION 1/20
────────────────────────────────────────────────────────────────────────────────
  Active labs: 16/16

  Phase 1: Planning...

  Phase 2: Building and Training...
    Lab 0: 217,601 params, blocks=['fourier', 'fourier', 'fourier', 'fourier']
    Lab 1: 217,601 params, blocks=['fourier', 'fourier', 'fourier', 'fourier']
    Lab 2: 60,081 params, blocks=['branch_trunk', 'branch_trunk', 'branch_trunk']
    Lab 3: 128,193 params, blocks=['branch_trunk', 'branch_trunk', 'branch_trunk', 'branch_trunk']
    Lab 4: 104,769 params, blocks=['attention', 'attention', 'attention']
    Lab 5: 104,769 params, blocks=['attention', 'attention', 'attention']
    Lab 6: 104,737 params, blocks=['wavelet', 'wavelet', 'wavelet', 'wavelet']
    Lab 7: 211,073 params, blocks=['fourier', 'attention', 'fourier', 'attention']
    Lab 8: 24,193 params, blocks=['residual_conv', 'attention', 'wavelet']
    Lab 9: 204,817 params, blocks=['branch_trunk', 'branch_trunk', 'attention', 'branch_trunk']
    Lab 10: 92,753 params, blocks=['branch_trunk', 'fourier']
    Lab 11: 41,633 params, blocks=['branch_trunk', 'attention']
    Lab 12: 105,121 params, blocks=['wavelet', 'attention', 'wavelet', 'wavelet']
    Lab 13: 93,041 params, blocks=['branch_trunk', 'wavelet', 'branch_trunk', 'branch_trunk']
    Lab 14: 21,105 params, blocks=['branch_trunk', 'attention', 'residual_conv']
    Lab 15: 104,769 params, blocks=['attention', 'attention', 'attention']

  Phase 3: Peer Review...

  Phase 4: Composite Fitness...
    ★ NEW GLOBAL BEST: Lab 0 (composite=0.0638)
    ★ NEW GLOBAL BEST: Lab 2 (composite=0.0654)
    ★ NEW GLOBAL BEST: Lab 3 (composite=0.0660)
    ★ NEW GLOBAL BEST: Lab 6 (composite=0.0666)
    ★ NEW GLOBAL BEST: Lab 10 (composite=0.0696)

================================================================================
  SWARM LEADERBOARD
================================================================================
  #1  Lab 10 (random            ) | composite=0.0696 | trust=0.000 | [branch_trunk+fourier]
  #2  Lab  6 (wavelet           ) | composite=0.0666 | trust=0.000 | [wavelet+wavelet+wavelet+wavelet]
  #3  Lab  3 (deeponet          ) | composite=0.0660 | trust=0.000 | [branch_trunk+branch_trunk+branch_trunk+branch_trunk]
  #4  Lab 11 (random            ) | composite=0.0657 | trust=0.000 | [branch_trunk+attention]
  #5  Lab  2 (deeponet          ) | composite=0.0654 | trust=0.000 | [branch_trunk+branch_trunk+branch_trunk]

  Global best: Lab 10 (fitness=0.0696)
  Best architecture: branch_trunk+fourier | ch=64 | modes=12 | act=tanh
================================================================================


  ── Diversity Metrics ──
  Active paradigms: deeponet(3) fno(2) hybrid_fno_attn(1) random(5) transformer(3) wavelet(2) 
  Block usage: branch_trunk=30% attention=30% fourier=20% wavelet=17% residual_conv=4% 
  Architectural diversity index: 0.3713 (0=homogeneous, 1=maximally diverse)
  Detected 5 rival camp(s):
    Camp 'fourier-dominant': Labs [0, 1], avg composite=0.0635
    Camp 'branch_trunk-dominant': Labs [2, 3, 9, 13], avg composite=0.0638
    Camp 'attention-dominant': Labs [4, 5, 15], avg composite=0.0594
    Camp 'wavelet-dominant': Labs [6, 12], avg composite=0.0652
    Camp 'hybrid-mixed': Labs [7, 8, 10, 11, 14], avg composite=0.0651
  ✓ checkpoint saved (iteration 1/20)

────────────────────────────────────────────────────────────────────────────────
  ITERATION 2/20
────────────────────────────────────────────────────────────────────────────────
  Active labs: 16/16

  Phase 1: Planning...

  Phase 2: Building and Training...
    Lab 0: 267,137 params, blocks=['fourier', 'fourier', 'fourier', 'fourier']
    Lab 1: 217,601 params, blocks=['fourier', 'fourier', 'fourier', 'fourier']
    Lab 2: 60,081 params, blocks=['branch_trunk', 'branch_trunk', 'branch_trunk']
    Lab 3: 128,193 params, blocks=['branch_trunk', 'branch_trunk', 'branch_trunk', 'branch_trunk']
    Lab 4: 137,793 params, blocks=['attention', 'attention', 'attention']
    Lab 5: 137,793 params, blocks=['attention', 'attention', 'attention']
    Lab 6: 104,737 params, blocks=['wavelet', 'wavelet', 'wavelet', 'wavelet']
    Lab 7: 145,153 params, blocks=['fourier', 'attention', 'fourier', 'attention']
    Lab 8: 95,489 params, blocks=['residual_conv', 'attention', 'wavelet']
    Lab 9: 204,817 params, blocks=['branch_trunk', 'branch_trunk', 'attention', 'branch_trunk']
    Lab 10: 92,753 params, blocks=['branch_trunk', 'fourier']
    Lab 11: 41,633 params, blocks=['branch_trunk', 'attention']
    Lab 12: 157,549 params, blocks=['wavelet', 'attention', 'fourier', 'wavelet']
    Lab 13: 53,665 params, blocks=['branch_trunk', 'wavelet', 'branch_trunk', 'branch_trunk']
    Lab 14: 53,752 params, blocks=['branch_trunk', 'residual_conv', 'residual_conv']
    Lab 15: 32,993 params, blocks=['attention', 'attention', 'residual_conv', 'attention']

  Phase 3: Peer Review...

  Phase 4: Composite Fitness...
    ★ NEW GLOBAL BEST: Lab 13 (composite=0.0698)

================================================================================
  SWARM LEADERBOARD
================================================================================
  #1  Lab 13 (deeponet          ) | composite=0.0698 | trust=0.000 | [branch_trunk+wavelet+branch_trunk+branch_trunk]
  #2  Lab  9 (random            ) | composite=0.0681 | trust=0.000 | [branch_trunk+branch_trunk+attention+branch_trunk]
  #3  Lab  6 (wavelet           ) | composite=0.0678 | trust=0.000 | [wavelet+wavelet+wavelet+wavelet]
  #4  Lab  2 (deeponet          ) | composite=0.0670 | trust=0.000 | [branch_trunk+branch_trunk+branch_trunk]
  #5  Lab 11 (random            ) | composite=0.0670 | trust=0.000 | [branch_trunk+attention]

  Global best: Lab 13 (fitness=0.0698)
  Best architecture: branch_trunk+wavelet+branch_trunk+branch_trunk | ch=48 | modes=16 | act=relu
================================================================================


  ── Diversity Metrics ──
  Active paradigms: deeponet(3) fno(2) hybrid_fno_attn(1) random(5) transformer(3) wavelet(2) 
  Block usage: branch_trunk=29% attention=27% fourier=22% wavelet=15% residual_conv=7% 
  Architectural diversity index: 0.3970 (0=homogeneous, 1=maximally diverse)
  Detected 4 rival camp(s):
    Camp 'fourier-dominant': Labs [0, 1], avg composite=0.0653
    Camp 'branch_trunk-dominant': Labs [2, 3, 9, 13], avg composite=0.0679
    Camp 'attention-dominant': Labs [4, 5, 15], avg composite=0.0651
    Camp 'hybrid-mixed': Labs [7, 8, 10, 11, 12], avg composite=0.0649
  ✓ checkpoint saved (iteration 2/20)

────────────────────────────────────────────────────────────────────────────────
  ITERATION 3/20
────────────────────────────────────────────────────────────────────────────────
  Active labs: 16/16

  Phase 1: Planning...

  Phase 2: Building and Training...
    Lab 0: 267,137 params, blocks=['fourier', 'fourier', 'fourier', 'fourier']
    Lab 1: 122,497 params, blocks=['fourier', 'fourier', 'fourier', 'fourier']
    Lab 2: 41,505 params, blocks=['branch_trunk', 'branch_trunk']
    Lab 3: 128,193 params, blocks=['branch_trunk', 'branch_trunk', 'branch_trunk', 'branch_trunk']
    Lab 4: 133,505 params, blocks=['attention', 'attention', 'attention', 'fourier']
    Lab 5: 137,793 params, blocks=['attention', 'attention', 'attention']
    Lab 6: 104,737 params, blocks=['wavelet', 'wavelet', 'wavelet', 'wavelet']
    Lab 7: 132,929 params, blocks=['fourier', 'attention', 'residual_conv', 'attention']
    Lab 8: 128,961 params, blocks=['residual_conv', 'attention', 'attention', 'wavelet']
    Lab 9: 204,817 params, blocks=['branch_trunk', 'branch_trunk', 'attention', 'branch_trunk']
    Lab 10: 160,257 params, blocks=['fourier', 'fourier']
    Lab 11: 41,633 params, blocks=['branch_trunk', 'attention']
    Lab 12: 141,361 params, blocks=['wavelet', 'attention', 'residual_conv', 'wavelet']
    Lab 13: 53,665 params, blocks=['branch_trunk', 'wavelet', 'branch_trunk', 'branch_trunk']
    Lab 14: 72,337 params, blocks=['branch_trunk', 'residual_conv', 'residual_conv']
    Lab 15: 32,993 params, blocks=['attention', 'attention', 'residual_conv', 'attention']

  Phase 3: Peer Review...

  Phase 4: Composite Fitness...

================================================================================
  SWARM LEADERBOARD
================================================================================
  #1  Lab 10 (random            ) | composite=0.0694 | trust=0.000 | [fourier+fourier]
  #2  Lab  9 (random            ) | composite=0.0683 | trust=0.000 | [branch_trunk+branch_trunk+attention+branch_trunk]
  #3  Lab 13 (deeponet          ) | composite=0.0657 | trust=0.000 | [branch_trunk+wavelet+branch_trunk+branch_trunk]
  #4  Lab  3 (deeponet          ) | composite=0.0656 | trust=0.000 | [branch_trunk+branch_trunk+branch_trunk+branch_trunk]
  #5  Lab  6 (wavelet           ) | composite=0.0646 | trust=0.000 | [wavelet+wavelet+wavelet+wavelet]

  Global best: Lab 13 (fitness=0.0698)
  Best architecture: branch_trunk+wavelet+branch_trunk+branch_trunk | ch=48 | modes=16 | act=relu
================================================================================


  ── Diversity Metrics ──
  Active paradigms: deeponet(3) fno(2) hybrid_fno_attn(1) random(5) transformer(3) wavelet(2) 
  Block usage: attention=29% branch_trunk=25% fourier=21% wavelet=14% residual_conv=11% 
  Architectural diversity index: 0.4084 (0=homogeneous, 1=maximally diverse)
  Detected 4 rival camp(s):
    Camp 'fourier-dominant': Labs [0, 1, 10], avg composite=0.0658
    Camp 'branch_trunk-dominant': Labs [2, 3, 9, 13], avg composite=0.0660
    Camp 'attention-dominant': Labs [4, 5, 15], avg composite=0.0631
    Camp 'hybrid-mixed': Labs [7, 8, 11, 12], avg composite=0.0622
  ✓ checkpoint saved (iteration 3/20)

────────────────────────────────────────────────────────────────────────────────
  ITERATION 4/20
────────────────────────────────────────────────────────────────────────────────
  Active labs: 16/16

  Phase 1: Planning...

  Phase 2: Building and Training...
    Lab 0: 172,041 params, blocks=['fourier', 'fourier', 'fourier', 'fourier']
    Lab 1: 122,497 params, blocks=['fourier', 'fourier', 'fourier', 'fourier']
    Lab 2: 20,625 params, blocks=['branch_trunk', 'branch_trunk']
    Lab 3: 57,353 params, blocks=['branch_trunk', 'branch_trunk', 'branch_trunk', 'branch_trunk']
    Lab 4: 90,621 params, blocks=['attention', 'attention', 'attention', 'fourier']
    Lab 5: 59,599 params, blocks=['wavelet', 'attention', 'attention']
    Lab 6: 97,025 params, blocks=['wavelet', 'branch_trunk', 'wavelet', 'wavelet']
    Lab 7: 132,929 params, blocks=['residual_conv', 'fourier', 'attention', 'attention']
    Lab 8: 114,065 params, blocks=['residual_conv', 'branch_trunk', 'attention', 'wavelet']
    Lab 9: 204,817 params, blocks=['branch_trunk', 'branch_trunk', 'attention', 'branch_trunk']
    Lab 10: 58,264 params, blocks=['branch_trunk', 'fourier']
    Lab 11: 41,633 params, blocks=['branch_trunk', 'attention']
    Lab 12: 100,465 params, blocks=['wavelet', 'attention', 'residual_conv', 'wavelet']
    Lab 13: 56,721 params, blocks=['branch_trunk', 'wavelet', 'branch_trunk', 'residual_conv']
    Lab 14: 22,312 params, blocks=['branch_trunk', 'residual_conv', 'residual_conv']
    Lab 15: 26,785 params, blocks=['attention', 'attention', 'attention']

  Phase 3: Peer Review...

  Phase 4: Composite Fitness...
    ★ NEW GLOBAL BEST: Lab 15 (composite=0.0699)
    Lab 3 respawned from Lab 15 (paradigm: transformer_spawn)
    Lab 2 respawned from Lab 15 (paradigm: transformer_spawn)

================================================================================
  SWARM LEADERBOARD
================================================================================
  #1  Lab 15 (transformer       ) | composite=0.0699 | trust=0.000 | [attention+attention+attention]
  #2  Lab  6 (wavelet           ) | composite=0.0690 | trust=0.000 | [wavelet+branch_trunk+wavelet+wavelet]
  #3  Lab 13 (deeponet          ) | composite=0.0683 | trust=0.000 | [branch_trunk+wavelet+branch_trunk+residual_conv]
  #4  Lab  0 (fno               ) | composite=0.0673 | trust=0.000 | [fourier+fourier+fourier+fourier]
  #5  Lab  5 (transformer       ) | composite=0.0665 | trust=0.000 | [wavelet+attention+attention]

  Global best: Lab 15 (fitness=0.0699)
  Best architecture: attention+attention+attention | ch=32 | modes=8 | act=silu
================================================================================


  ── Diversity Metrics ──
  Active paradigms: deeponet(1) fno(2) hybrid_fno_attn(1) random(5) transformer(3) transformer_spawn(2) wavelet(2) 
  Block usage: attention=33% fourier=20% branch_trunk=19% wavelet=15% residual_conv=13% 
  Architectural diversity index: 0.4216 (0=homogeneous, 1=maximally diverse)
  Detected 3 rival camp(s):
    Camp 'fourier-dominant': Labs [0, 1], avg composite=0.0665
    Camp 'hybrid-mixed': Labs [2, 7, 8, 10, 11, 12, 13], avg composite=0.0663
    Camp 'attention-dominant': Labs [3, 4, 5, 15], avg composite=0.0667
  ✓ checkpoint saved (iteration 4/20)

────────────────────────────────────────────────────────────────────────────────
  ITERATION 5/20
────────────────────────────────────────────────────────────────────────────────
  Active labs: 16/16

  Phase 1: Planning...

  Phase 2: Building and Training...
    Lab 0: 89,977 params, blocks=['fourier', 'fourier', 'attention', 'fourier']
    Lab 1: 150,433 params, blocks=['fourier', 'fourier', 'fourier', 'fourier']
    Lab 2: 317,841 params, blocks=['residual_conv', 'branch_trunk', 'attention']
    Lab 3: 17,863 params, blocks=['attention', 'attention', 'attention']
    Lab 4: 90,621 params, blocks=['attention', 'attention', 'attention', 'fourier']
    Lab 5: 59,599 params, blocks=['wavelet', 'attention', 'attention']
    Lab 6: 50,513 params, blocks=['wavelet', 'branch_trunk', 'wavelet']
    Lab 7: 132,929 params, blocks=['residual_conv', 'fourier', 'attention', 'attention']
    Lab 8: 9,487 params, blocks=['residual_conv', 'attention', 'attention', 'wavelet']
    Lab 9: 321,441 params, blocks=['branch_trunk', 'fourier', 'attention', 'branch_trunk']
    Lab 10: 34,645 params, blocks=['branch_trunk', 'fourier']
    Lab 11: 23,885 params, blocks=['branch_trunk', 'attention']
    Lab 12: 63,195 params, blocks=['wavelet', 'attention', 'residual_conv', 'wavelet']
    Lab 13: 52,065 params, blocks=['branch_trunk', 'residual_conv', 'branch_trunk', 'residual_conv']
    Lab 14: 105,233 params, blocks=['branch_trunk', 'residual_conv']
    Lab 15: 41,481 params, blocks=['attention', 'attention', 'attention']

  Phase 3: Peer Review...

  Phase 4: Composite Fitness...
    Lab 7 respawned from Lab 14 (paradigm: random_spawn)
    Lab 4 respawned from Lab 5 (paradigm: transformer_spawn)

================================================================================
  SWARM LEADERBOARD
================================================================================
  #1  Lab 14 (random            ) | composite=0.0696 | trust=0.000 | [branch_trunk+residual_conv]
  #2  Lab  5 (transformer       ) | composite=0.0682 | trust=0.000 | [wavelet+attention+attention]
  #3  Lab  6 (wavelet           ) | composite=0.0678 | trust=0.000 | [wavelet+branch_trunk+wavelet]
  #4  Lab 11 (random            ) | composite=0.0677 | trust=0.000 | [branch_trunk+attention]
  #5  Lab  2 (transformer_spawn ) | composite=0.0672 | trust=0.000 | [residual_conv+branch_trunk+attention]

  Global best: Lab 15 (fitness=0.0699)
  Best architecture: attention+attention+attention | ch=32 | modes=8 | act=silu
================================================================================


  ── Diversity Metrics ──
  Active paradigms: deeponet(1) fno(2) random(5) random_spawn(1) transformer(2) transformer_spawn(3) wavelet(2) 
  Block usage: attention=37% branch_trunk=22% fourier=18% residual_conv=12% wavelet=12% 
  Architectural diversity index: 0.4285 (0=homogeneous, 1=maximally diverse)
  Detected 3 rival camp(s):
    Camp 'fourier-dominant': Labs [0, 1], avg composite=0.0653
    Camp 'hybrid-mixed': Labs [2, 8, 9, 10, 11, 12, 13, 14], avg composite=0.0669
    Camp 'attention-dominant': Labs [3, 4, 5, 15], avg composite=0.0655
  ✓ checkpoint saved (iteration 5/20)

────────────────────────────────────────────────────────────────────────────────
  ITERATION 6/20
────────────────────────────────────────────────────────────────────────────────
  Active labs: 16/16

  Phase 1: Planning...

  Phase 2: Building and Training...
    Lab 0: 106,849 params, blocks=['fourier', 'fourier', 'attention', 'fourier']
    Lab 1: 241,736 params, blocks=['fourier', 'fourier', 'fourier', 'fourier']
    Lab 2: 317,841 params, blocks=['residual_conv', 'branch_trunk', 'attention']
    Lab 3: 414,337 params, blocks=['attention', 'attention', 'attention']
    Lab 4: 71,297 params, blocks=['attention', 'attention']
    Lab 5: 28,711 params, blocks=['wavelet', 'attention', 'attention']
    Lab 6: 27,562 params, blocks=['attention', 'branch_trunk', 'wavelet']
    Lab 7: 31,625 params, blocks=['branch_trunk', 'attention', 'fourier']
    Lab 8: 18,793 params, blocks=['residual_conv', 'attention', 'attention', 'attention']
    Lab 9: 32,373 params, blocks=['branch_trunk', 'fourier', 'attention', 'branch_trunk']
    Lab 10: 48,665 params, blocks=['fourier', 'fourier']
    Lab 11: 38,221 params, blocks=['attention', 'attention']
    Lab 12: 63,195 params, blocks=['wavelet', 'attention', 'residual_conv', 'wavelet']
    Lab 13: 21,101 params, blocks=['attention', 'residual_conv', 'branch_trunk', 'residual_conv']
    Lab 14: 142,289 params, blocks=['branch_trunk', 'residual_conv']
    Lab 15: 64,351 params, blocks=['attention', 'attention', 'attention']

  Phase 3: Peer Review...

  Phase 4: Composite Fitness...
    Lab 7 respawned from Lab 3 (paradigm: transformer_spawn_spawn)
    Lab 15 respawned from Lab 3 (paradigm: transformer_spawn_spawn)

================================================================================
  SWARM LEADERBOARD
================================================================================
  #1  Lab 14 (random            ) | composite=0.0695 | trust=0.000 | [branch_trunk+residual_conv]
  #2  Lab  5 (transformer       ) | composite=0.0671 | trust=0.000 | [wavelet+attention+attention]
  #3  Lab  3 (transformer_spawn ) | composite=0.0670 | trust=0.000 | [attention+attention+attention]
  #4  Lab  2 (transformer_spawn ) | composite=0.0650 | trust=0.000 | [residual_conv+branch_trunk+attention]
  #5  Lab 10 (random            ) | composite=0.0642 | trust=0.000 | [fourier+fourier]

  Global best: Lab 15 (fitness=0.0699)
  Best architecture: attention+attention+attention | ch=32 | modes=8 | act=silu
================================================================================


  ── Diversity Metrics ──
  Active paradigms: deeponet(1) fno(2) random(5) transformer(1) transformer_spawn(3) transformer_spawn_spawn(2) wavelet(2) 
  Block usage: attention=34% branch_trunk=25% fourier=23% residual_conv=11% wavelet=8% 
  Architectural diversity index: 0.4326 (0=homogeneous, 1=maximally diverse)
  Detected 4 rival camp(s):
    Camp 'fourier-dominant': Labs [0, 1, 10], avg composite=0.0632
    Camp 'hybrid-mixed': Labs [2, 6, 9, 12, 13, 14], avg composite=0.0628
    Camp 'attention-dominant': Labs [3, 4, 5, 8, 11], avg composite=0.0629
    Camp 'branch_trunk-dominant': Labs [7, 15], avg composite=0.0580
  ✓ checkpoint saved (iteration 6/20)

────────────────────────────────────────────────────────────────────────────────
  ITERATION 7/20
────────────────────────────────────────────────────────────────────────────────
  Active labs: 16/16

  Phase 1: Planning...

  Phase 2: Building and Training...
    Lab 0: 193,462 params, blocks=['attention', 'fourier', 'attention', 'fourier']
    Lab 1: 292,761 params, blocks=['fourier', 'fourier', 'fourier', 'fourier', 'wavelet']
    Lab 2: 21,105 params, blocks=['residual_conv', 'branch_trunk', 'attention']
    Lab 3: 692,993 params, blocks=['attention', 'attention', 'fourier', 'attention']
    Lab 4: 4,769 params, blocks=['attention', 'attention']
    Lab 5: 28,711 params, blocks=['wavelet', 'attention', 'attention']
    Lab 6: 198,545 params, blocks=['attention', 'branch_trunk', 'wavelet']
    Lab 7: 39,576 params, blocks=['fourier', 'branch_trunk', 'branch_trunk', 'branch_trunk', 'fourier']
    Lab 8: 18,793 params, blocks=['residual_conv', 'attention', 'attention', 'attention']
    Lab 9: 44,887 params, blocks=['branch_trunk', 'fourier', 'attention', 'fourier']
    Lab 10: 54,928 params, blocks=['fourier', 'fourier']
    Lab 11: 196,225 params, blocks=['attention', 'attention']
    Lab 12: 32,131 params, blocks=['wavelet', 'attention', 'residual_conv', 'wavelet']
    Lab 13: 44,215 params, blocks=['attention', 'residual_conv', 'branch_trunk', 'residual_conv']
    Lab 14: 36,593 params, blocks=['branch_trunk', 'residual_conv']
    Lab 15: 111,457 params, blocks=['branch_trunk', 'fourier', 'branch_trunk']

  Phase 3: Peer Review...

  Phase 4: Composite Fitness...
    Lab 0 respawned from Lab 3 (paradigm: transformer_spawn_spawn)
    Lab 8 respawned from Lab 3 (paradigm: transformer_spawn_spawn)

================================================================================
  SWARM LEADERBOARD
================================================================================
  #1  Lab  1 (fno               ) | composite=0.0677 | trust=0.000 | [fourier+fourier+fourier+fourier+wavelet]
  #2  Lab  3 (transformer_spawn ) | composite=0.0675 | trust=0.000 | [attention+attention+fourier+attention]
  #3  Lab  4 (transformer_spawn ) | composite=0.0675 | trust=0.000 | [attention+attention]
  #4  Lab  7 (transformer_spawn_spawn) | composite=0.0670 | trust=0.000 | [fourier+branch_trunk+branch_trunk+branch_trunk+fourier]
  #5  Lab 11 (random            ) | composite=0.0668 | trust=0.000 | [attention+attention]

  Global best: Lab 15 (fitness=0.0699)
  Best architecture: attention+attention+attention | ch=32 | modes=8 | act=silu
================================================================================


  ── Diversity Metrics ──
  Active paradigms: deeponet(1) fno(1) random(4) transformer(1) transformer_spawn(3) transformer_spawn_spawn(4) wavelet(2) 
  Block usage: branch_trunk=32% attention=27% fourier=23% wavelet=9% residual_conv=9% 
  Architectural diversity index: 0.4429 (0=homogeneous, 1=maximally diverse)
  Detected 4 rival camp(s):
    Camp 'branch_trunk-dominant': Labs [0, 7, 8, 15], avg composite=0.0636
    Camp 'fourier-dominant': Labs [1, 10], avg composite=0.0671
    Camp 'hybrid-mixed': Labs [2, 6, 9, 12, 13, 14], avg composite=0.0642
    Camp 'attention-dominant': Labs [3, 4, 5, 11], avg composite=0.0669
  ✓ checkpoint saved (iteration 7/20)

────────────────────────────────────────────────────────────────────────────────
  ITERATION 8/20
────────────────────────────────────────────────────────────────────────────────
  Active labs: 16/16

  Phase 1: Planning...

  Phase 2: Building and Training...
    Lab 0: 257,511 params, blocks=['fourier', 'branch_trunk', 'branch_trunk', 'branch_trunk', 'branch_trunk']
    Lab 1: 125,185 params, blocks=['fourier', 'fourier', 'fourier', 'wavelet']
    Lab 2: 17,713 params, blocks=['residual_conv', 'branch_trunk', 'fourier']
    Lab 3: 174,465 params, blocks=['attention', 'attention', 'fourier', 'attention']
    Lab 4: 40,417 params, blocks=['attention', 'attention']
    Lab 5: 34,849 params, blocks=['wavelet', 'attention', 'attention']
    Lab 6: 77,221 params, blocks=['attention', 'attention', 'wavelet']
    Lab 7: 8,145 params, blocks=['fourier', 'branch_trunk', 'fourier', 'branch_trunk', 'fourier']
    Lab 8: 143,089 params, blocks=['branch_trunk', 'branch_trunk', 'attention', 'branch_trunk']
    Lab 9: 78,029 params, blocks=['branch_trunk', 'fourier', 'attention', 'fourier']
    Lab 10: 44,575 params, blocks=['residual_conv', 'fourier']
    Lab 11: 31,389 params, blocks=['attention', 'attention']
    Lab 12: 399,841 params, blocks=['attention', 'attention', 'residual_conv', 'wavelet']
    Lab 13: 93,197 params, blocks=['attention', 'residual_conv', 'branch_trunk', 'residual_conv']
    Lab 14: 36,593 params, blocks=['branch_trunk', 'residual_conv']
    Lab 15: 23,323 params, blocks=['branch_trunk', 'fourier', 'branch_trunk']

  Phase 3: Peer Review...

  Phase 4: Composite Fitness...
    Lab 9 respawned from Lab 5 (paradigm: transformer_spawn)
    Lab 13 respawned from Lab 5 (paradigm: transformer_spawn)

================================================================================
  SWARM LEADERBOARD
================================================================================
  #1  Lab  5 (transformer       ) | composite=0.0698 | trust=0.000 | [wavelet+attention+attention]
  #2  Lab  1 (fno               ) | composite=0.0682 | trust=0.000 | [fourier+fourier+fourier+wavelet]
  #3  Lab  7 (transformer_spawn_spawn) | composite=0.0681 | trust=0.000 | [fourier+branch_trunk+fourier+branch_trunk+fourier]
  #4  Lab  6 (wavelet           ) | composite=0.0670 | trust=0.000 | [attention+attention+wavelet]
  #5  Lab 14 (random            ) | composite=0.0667 | trust=0.000 | [branch_trunk+residual_conv]

  Global best: Lab 15 (fitness=0.0699)
  Best architecture: attention+attention+attention | ch=32 | modes=8 | act=silu
================================================================================


  ── Diversity Metrics ──
  Active paradigms: fno(1) random(3) transformer(1) transformer_spawn(5) transformer_spawn_spawn(4) wavelet(2) 
  Block usage: attention=37% branch_trunk=25% fourier=23% wavelet=8% residual_conv=8% 
  Architectural diversity index: 0.4307 (0=homogeneous, 1=maximally diverse)
  Detected 4 rival camp(s):
    Camp 'branch_trunk-dominant': Labs [0, 8, 15], avg composite=0.0654
    Camp 'fourier-dominant': Labs [1, 7], avg composite=0.0681
    Camp 'hybrid-mixed': Labs [2, 10, 12, 14], avg composite=0.0662
    Camp 'attention-dominant': Labs [3, 4, 5, 6, 9, 11, 13], avg composite=0.0658
  ✓ checkpoint saved (iteration 8/20)

────────────────────────────────────────────────────────────────────────────────
  ITERATION 9/20
────────────────────────────────────────────────────────────────────────────────
  Active labs: 16/16

  Phase 1: Planning...

  Phase 2: Building and Training...
    Lab 0: 183,623 params, blocks=['fourier', 'fourier', 'branch_trunk', 'branch_trunk', 'attention']
    Lab 1: 148,481 params, blocks=['fourier', 'fourier', 'fourier', 'wavelet']
    Lab 2: 90,121 params, blocks=['residual_conv', 'branch_trunk', 'fourier']
    Lab 3: 140,993 params, blocks=['attention', 'attention', 'fourier']
    Lab 4: 80,377 params, blocks=['attention', 'attention']
    Lab 5: 45,217 params, blocks=['wavelet', 'attention', 'attention', 'residual_conv']
    Lab 6: 70,676 params, blocks=['residual_conv', 'attention', 'wavelet']
    Lab 7: 489,381 params, blocks=['fourier', 'branch_trunk', 'fourier', 'branch_trunk', 'fourier']
    Lab 8: 159,953 params, blocks=['attention', 'branch_trunk', 'attention', 'fourier']
    Lab 9: 102,421 params, blocks=['attention', 'fourier', 'attention']
    Lab 10: 49,828 params, blocks=['wavelet', 'fourier']
    Lab 11: 45,981 params, blocks=['attention', 'residual_conv', 'attention']
    Lab 12: 8,305 params, blocks=['attention', 'wavelet', 'residual_conv', 'wavelet']
    Lab 13: 43,543 params, blocks=['attention', 'attention', 'attention']
    Lab 14: 5,825 params, blocks=['attention', 'attention']
    Lab 15: 5,809 params, blocks=['branch_trunk', 'fourier', 'branch_trunk']

  Phase 3: Peer Review...

  Phase 4: Composite Fitness...
    Lab 9 respawned from Lab 7 (paradigm: transformer_spawn_spawn_spawn)
    Lab 3 respawned from Lab 1 (paradigm: fno_spawn)

================================================================================
  SWARM LEADERBOARD
================================================================================
  #1  Lab  1 (fno               ) | composite=0.0687 | trust=0.000 | [fourier+fourier+fourier+wavelet]
  #2  Lab  7 (transformer_spawn_spawn) | composite=0.0682 | trust=0.000 | [fourier+branch_trunk+fourier+branch_trunk+fourier]
  #3  Lab  8 (transformer_spawn_spawn) | composite=0.0655 | trust=0.000 | [attention+branch_trunk+attention+fourier]
  #4  Lab  2 (transformer_spawn ) | composite=0.0654 | trust=0.000 | [residual_conv+branch_trunk+fourier]
  #5  Lab 14 (random            ) | composite=0.0653 | trust=0.000 | [attention+attention]

  Global best: Lab 15 (fitness=0.0699)
  Best architecture: attention+attention+attention | ch=32 | modes=8 | act=silu
================================================================================


  ── Diversity Metrics ──
  Active paradigms: fno(1) fno_spawn(1) random(3) transformer(1) transformer_spawn(3) transformer_spawn_spawn(4) transformer_spawn_spawn_spawn(1) wavelet(2) 
  Block usage: attention=33% fourier=29% branch_trunk=16% wavelet=11% residual_conv=11% 
  Architectural diversity index: 0.4339 (0=homogeneous, 1=maximally diverse)
  Detected 3 rival camp(s):
    Camp 'hybrid-mixed': Labs [0, 2, 5, 6, 8, 10, 12], avg composite=0.0632
    Camp 'fourier-dominant': Labs [1, 3, 7], avg composite=0.0657
    Camp 'attention-dominant': Labs [4, 9, 11, 13, 14], avg composite=0.0635
  ✓ checkpoint saved (iteration 9/20)

────────────────────────────────────────────────────────────────────────────────
  ITERATION 10/20
────────────────────────────────────────────────────────────────────────────────
  Active labs: 16/16

  Phase 1: Planning...

  Phase 2: Building and Training...
    Lab 0: 159,588 params, blocks=['attention', 'fourier', 'fourier', 'branch_trunk', 'branch_trunk', 'attention']
    Lab 1: 333,313 params, blocks=['fourier', 'fourier', 'fourier', 'wavelet']
    Lab 2: 225,329 params, blocks=['residual_conv', 'residual_conv', 'branch_trunk', 'fourier']
    Lab 3: 112,106 params, blocks=['fourier', 'residual_conv', 'fourier', 'fourier', 'fourier']
    Lab 4: 95,017 params, blocks=['attention', 'attention']
    Lab 5: 132,111 params, blocks=['wavelet', 'attention', 'attention', 'residual_conv']
    Lab 6: 6,209 params, blocks=['residual_conv', 'attention', 'wavelet']
    Lab 7: 589,065 params, blocks=['fourier', 'branch_trunk', 'fourier', 'branch_trunk', 'fourier']
    Lab 8: 11,745 params, blocks=['attention', 'branch_trunk', 'attention', 'attention']
    Lab 9: 71,666 params, blocks=['attention', 'branch_trunk', 'attention']
    Lab 10: 117,823 params, blocks=['wavelet', 'fourier']
    Lab 11: 8,465 params, blocks=['attention', 'branch_trunk', 'attention']
    Lab 12: 6,081 params, blocks=['wavelet', 'wavelet', 'residual_conv']
    Lab 13: 36,450 params, blocks=['attention', 'attention']
    Lab 14: 17,144 params, blocks=['attention', 'attention']
    Lab 15: 76,074 params, blocks=['branch_trunk', 'fourier', 'branch_trunk']

  Phase 3: Peer Review...

  Phase 4: Composite Fitness...
    Lab 15 respawned from Lab 1 (paradigm: fno_spawn)
    Lab 9 respawned from Lab 3 (paradigm: fno_spawn_spawn)

================================================================================
  SWARM LEADERBOARD
================================================================================
  #1  Lab  3 (fno_spawn         ) | composite=0.0685 | trust=0.000 | [fourier+residual_conv+fourier+fourier+fourier]
  #2  Lab  7 (transformer_spawn_spawn) | composite=0.0679 | trust=0.000 | [fourier+branch_trunk+fourier+branch_trunk+fourier]
  #3  Lab  1 (fno               ) | composite=0.0677 | trust=0.000 | [fourier+fourier+fourier+wavelet]
  #4  Lab 14 (random            ) | composite=0.0658 | trust=0.000 | [attention+attention]
  #5  Lab  2 (transformer_spawn ) | composite=0.0654 | trust=0.000 | [residual_conv+residual_conv+branch_trunk+fourier]

  Global best: Lab 15 (fitness=0.0699)
  Best architecture: attention+attention+attention | ch=32 | modes=8 | act=silu
================================================================================


  ── Diversity Metrics ──
  Active paradigms: fno(1) fno_spawn(2) fno_spawn_spawn(1) random(3) transformer(1) transformer_spawn(3) transformer_spawn_spawn(3) wavelet(2) 
  Block usage: fourier=31% attention=28% branch_trunk=21% wavelet=10% residual_conv=10% 
  Architectural diversity index: 0.4679 (0=homogeneous, 1=maximally diverse)
  Detected 3 rival camp(s):
    Camp 'hybrid-mixed': Labs [0, 2, 5, 6, 10], avg composite=0.0637
    Camp 'fourier-dominant': Labs [1, 3, 7, 15], avg composite=0.0660
    Camp 'attention-dominant': Labs [4, 8, 11, 13, 14], avg composite=0.0642
  ✓ checkpoint saved (iteration 10/20)

────────────────────────────────────────────────────────────────────────────────
  ITERATION 11/20
────────────────────────────────────────────────────────────────────────────────
  Active labs: 16/16

  Phase 1: Planning...

  Phase 2: Building and Training...
    Lab 0: 127,188 params, blocks=['attention', 'fourier', 'fourier', 'branch_trunk', 'branch_trunk', 'attention']
    Lab 1: 410,513 params, blocks=['fourier', 'fourier', 'fourier', 'branch_trunk', 'wavelet']
    Lab 2: 298,082 params, blocks=['residual_conv', 'residual_conv', 'branch_trunk', 'fourier']
    Lab 3: 124,496 params, blocks=['fourier', 'residual_conv', 'fourier', 'fourier', 'fourier', 'residual_conv']
    Lab 4: 127,429 params, blocks=['residual_conv', 'wavelet', 'attention']
    Lab 5: 81,099 params, blocks=['wavelet', 'attention', 'attention', 'residual_conv']
    Lab 6: 4,641 params, blocks=['wavelet', 'attention']
    Lab 7: 13,333 params, blocks=['attention', 'branch_trunk', 'fourier', 'branch_trunk', 'fourier']
    Lab 8: 11,745 params, blocks=['attention', 'branch_trunk', 'attention', 'attention']
    Lab 9: 103,041 params, blocks=['branch_trunk', 'branch_trunk', 'branch_trunk', 'branch_trunk', 'branch_trunk']
    Lab 10: 204,182 params, blocks=['wavelet', 'fourier', 'attention']
    Lab 11: 8,465 params, blocks=['attention', 'branch_trunk', 'attention']
    Lab 12: 11,473 params, blocks=['wavelet', 'wavelet', 'residual_conv', 'attention']
    Lab 13: 43,215 params, blocks=['wavelet', 'attention', 'attention']
    Lab 14: 31,081 params, blocks=['attention', 'attention']
    Lab 15: 164,289 params, blocks=['fourier', 'fourier', 'fourier']

  Phase 3: Peer Review...

  Phase 4: Composite Fitness...
    Lab 5 respawned from Lab 2 (paradigm: transformer_spawn_spawn)
    Lab 4 respawned from Lab 2 (paradigm: transformer_spawn_spawn)

================================================================================
  SWARM LEADERBOARD
================================================================================
  #1  Lab  3 (fno_spawn         ) | composite=0.0695 | trust=0.000 | [fourier+residual_conv+fourier+fourier+fourier+residual_conv]
  #2  Lab  2 (transformer_spawn ) | composite=0.0676 | trust=0.000 | [residual_conv+residual_conv+branch_trunk+fourier]
  #3  Lab  1 (fno               ) | composite=0.0662 | trust=0.000 | [fourier+fourier+fourier+branch_trunk+wavelet]
  #4  Lab 15 (fno_spawn         ) | composite=0.0657 | trust=0.000 | [fourier+fourier+fourier]
  #5  Lab 14 (random            ) | composite=0.0651 | trust=0.000 | [attention+attention]

  Global best: Lab 15 (fitness=0.0699)
  Best architecture: attention+attention+attention | ch=32 | modes=8 | act=silu
================================================================================


  ── Diversity Metrics ──
  Active paradigms: fno(1) fno_spawn(2) fno_spawn_spawn(1) random(3) transformer_spawn(2) transformer_spawn_spawn(5) wavelet(2) 
  Block usage: branch_trunk=31% fourier=26% attention=25% wavelet=10% residual_conv=8% 
  Architectural diversity index: 0.4558 (0=homogeneous, 1=maximally diverse)
  Detected 4 rival camp(s):
    Camp 'hybrid-mixed': Labs [0, 2, 6, 7, 10, 12], avg composite=0.0634
    Camp 'fourier-dominant': Labs [1, 3, 15], avg composite=0.0671
    Camp 'branch_trunk-dominant': Labs [4, 5, 9], avg composite=0.0613
    Camp 'attention-dominant': Labs [8, 11, 13, 14], avg composite=0.0624
  ✓ checkpoint saved (iteration 11/20)

────────────────────────────────────────────────────────────────────────────────
  ITERATION 12/20
────────────────────────────────────────────────────────────────────────────────
  Active labs: 16/16

  Phase 1: Planning...

  Phase 2: Building and Training...
    Lab 0: 439,121 params, blocks=['attention', 'fourier', 'fourier', 'branch_trunk', 'attention']
    Lab 1: 410,513 params, blocks=['fourier', 'fourier', 'fourier', 'branch_trunk', 'wavelet']
    Lab 2: 243,289 params, blocks=['residual_conv', 'residual_conv', 'wavelet', 'fourier']
    Lab 3: 58,114 params, blocks=['fourier', 'residual_conv', 'fourier', 'fourier', 'fourier', 'residual_conv']
    Lab 4: 42,801 params, blocks=['branch_trunk', 'branch_trunk', 'wavelet']
    Lab 5: 60,081 params, blocks=['branch_trunk', 'branch_trunk', 'branch_trunk']
    Lab 6: 5,220 params, blocks=['wavelet', 'attention']
    Lab 7: 19,893 params, blocks=['attention', 'branch_trunk', 'fourier', 'branch_trunk', 'fourier']
    Lab 8: 11,745 params, blocks=['attention', 'branch_trunk', 'attention', 'attention']
    Lab 9: 193,833 params, blocks=['branch_trunk', 'branch_trunk', 'branch_trunk', 'branch_trunk', 'branch_trunk']
    Lab 10: 113,370 params, blocks=['wavelet', 'attention']
    Lab 11: 5,185 params, blocks=['attention', 'branch_trunk']
    Lab 12: 11,601 params, blocks=['wavelet', 'attention', 'residual_conv', 'attention']
    Lab 13: 34,849 params, blocks=['wavelet', 'attention', 'attention']
    Lab 14: 19,372 params, blocks=['attention', 'attention']
    Lab 15: 108,159 params, blocks=['fourier', 'fourier', 'fourier']

  Phase 3: Peer Review...

  Phase 4: Composite Fitness...
    Lab 8 respawned from Lab 3 (paradigm: fno_spawn_spawn)
    Lab 5 respawned from Lab 1 (paradigm: fno_spawn)

================================================================================
  SWARM LEADERBOARD
================================================================================
  #1  Lab  3 (fno_spawn         ) | composite=0.0697 | trust=0.000 | [fourier+residual_conv+fourier+fourier+fourier+residual_conv]
  #2  Lab 15 (fno_spawn         ) | composite=0.0688 | trust=0.000 | [fourier+fourier+fourier]
  #3  Lab  1 (fno               ) | composite=0.0672 | trust=0.000 | [fourier+fourier+fourier+branch_trunk+wavelet]
  #4  Lab  4 (transformer_spawn_spawn) | composite=0.0667 | trust=0.000 | [branch_trunk+branch_trunk+wavelet]
  #5  Lab 10 (random            ) | composite=0.0666 | trust=0.000 | [wavelet+attention]

  Global best: Lab 15 (fitness=0.0699)
  Best architecture: attention+attention+attention | ch=32 | modes=8 | act=silu
================================================================================


  ── Diversity Metrics ──
  Active paradigms: fno(1) fno_spawn(3) fno_spawn_spawn(2) random(3) transformer_spawn(2) transformer_spawn_spawn(3) wavelet(2) 
  Block usage: fourier=31% branch_trunk=28% attention=21% wavelet=12% residual_conv=9% 
  Architectural diversity index: 0.4541 (0=homogeneous, 1=maximally diverse)
  Detected 4 rival camp(s):
    Camp 'hybrid-mixed': Labs [0, 2, 6, 7, 10, 11, 12], avg composite=0.0652
    Camp 'fourier-dominant': Labs [1, 3, 5, 15], avg composite=0.0674
    Camp 'branch_trunk-dominant': Labs [4, 8, 9], avg composite=0.0652
    Camp 'attention-dominant': Labs [13, 14], avg composite=0.0645
  ✓ checkpoint saved (iteration 12/20)

────────────────────────────────────────────────────────────────────────────────
  ITERATION 13/20
────────────────────────────────────────────────────────────────────────────────
  Active labs: 16/16

  Phase 1: Planning...

  Phase 2: Building and Training...
    Lab 0: 366,449 params, blocks=['attention', 'fourier', 'fourier', 'attention', 'branch_trunk', 'attention']
    Lab 1: 20,561 params, blocks=['fourier', 'fourier', 'fourier', 'branch_trunk', 'wavelet']
    Lab 2: 243,289 params, blocks=['residual_conv', 'residual_conv', 'wavelet', 'fourier']
    Lab 3: 56,376 params, blocks=['fourier', 'residual_conv', 'fourier', 'attention', 'fourier', 'residual_conv']
    Lab 4: 61,937 params, blocks=['branch_trunk', 'fourier', 'wavelet']
    Lab 5: 164,289 params, blocks=['fourier', 'fourier', 'fourier']
    Lab 6: 60,240 params, blocks=['wavelet', 'attention']
    Lab 7: 11,505 params, blocks=['attention', 'branch_trunk', 'fourier', 'branch_trunk', 'fourier']
    Lab 8: 128,193 params, blocks=['branch_trunk', 'branch_trunk', 'branch_trunk', 'branch_trunk']
    Lab 9: 156,833 params, blocks=['branch_trunk', 'branch_trunk', 'branch_trunk', 'branch_trunk']
    Lab 10: 98,867 params, blocks=['wavelet', 'branch_trunk']
    Lab 11: 4,129 params, blocks=['branch_trunk', 'attention']
    Lab 12: 11,601 params, blocks=['wavelet', 'attention', 'residual_conv', 'attention']
    Lab 13: 8,977 params, blocks=['wavelet', 'attention', 'attention']
    Lab 14: 19,108 params, blocks=['attention', 'wavelet']
    Lab 15: 8,209 params, blocks=['fourier', 'fourier', 'attention']

  Phase 3: Peer Review...

  Phase 4: Composite Fitness...
    Lab 15 respawned from Lab 10 (paradigm: random_spawn)
    Lab 14 respawned from Lab 10 (paradigm: random_spawn)

================================================================================
  SWARM LEADERBOARD
================================================================================
  #1  Lab  3 (fno_spawn         ) | composite=0.0697 | trust=0.000 | [fourier+residual_conv+fourier+attention+fourier+residual_conv]
  #2  Lab 10 (random            ) | composite=0.0689 | trust=0.000 | [wavelet+branch_trunk]
  #3  Lab  8 (fno_spawn_spawn   ) | composite=0.0683 | trust=0.000 | [branch_trunk+branch_trunk+branch_trunk+branch_trunk]
  #4  Lab 11 (random            ) | composite=0.0682 | trust=0.000 | [branch_trunk+attention]
  #5  Lab  2 (transformer_spawn ) | composite=0.0680 | trust=0.000 | [residual_conv+residual_conv+wavelet+fourier]

  Global best: Lab 15 (fitness=0.0699)
  Best architecture: attention+attention+attention | ch=32 | modes=8 | act=silu
================================================================================


  ── Diversity Metrics ──
  Active paradigms: fno(1) fno_spawn(2) fno_spawn_spawn(2) random(2) random_spawn(2) transformer_spawn(2) transformer_spawn_spawn(3) wavelet(2) 
  Block usage: fourier=29% branch_trunk=29% attention=19% wavelet=14% residual_conv=9% 
  Architectural diversity index: 0.4565 (0=homogeneous, 1=maximally diverse)
  Detected 3 rival camp(s):
    Camp 'hybrid-mixed': Labs [0, 2, 3, 4, 6, 7, 10, 11, 12, 14, 15], avg composite=0.0669
    Camp 'fourier-dominant': Labs [1, 5], avg composite=0.0678
    Camp 'branch_trunk-dominant': Labs [8, 9], avg composite=0.0674
  ✓ checkpoint saved (iteration 13/20)

────────────────────────────────────────────────────────────────────────────────
  ITERATION 14/20
────────────────────────────────────────────────────────────────────────────────
  Active labs: 16/16

  Phase 1: Planning...

  Phase 2: Building and Training...
    Lab 0: 699,185 params, blocks=['attention', 'fourier', 'fourier', 'attention', 'branch_trunk', 'attention']
    Lab 1: 208,145 params, blocks=['fourier', 'fourier', 'fourier', 'branch_trunk', 'wavelet']
    Lab 2: 143,641 params, blocks=['residual_conv', 'residual_conv', 'wavelet', 'fourier']
    Lab 3: 281,051 params, blocks=['fourier', 'attention', 'fourier', 'attention', 'fourier', 'residual_conv']
    Lab 4: 66,737 params, blocks=['branch_trunk', 'fourier', 'wavelet']
    Lab 5: 144,449 params, blocks=['fourier', 'attention', 'fourier']
    Lab 6: 50,545 params, blocks=['wavelet', 'attention']
    Lab 7: 77,253 params, blocks=['attention', 'branch_trunk', 'fourier', 'branch_trunk', 'fourier']
    Lab 8: 93,105 params, blocks=['branch_trunk', 'branch_trunk', 'branch_trunk']
    Lab 9: 78,657 params, blocks=['branch_trunk', 'branch_trunk', 'branch_trunk', 'branch_trunk']
    Lab 10: 6,443 params, blocks=['attention', 'branch_trunk']
    Lab 11: 14,029 params, blocks=['branch_trunk', 'attention']
    Lab 12: 51,239 params, blocks=['attention', 'attention', 'residual_conv', 'attention']
    Lab 13: 74,449 params, blocks=['wavelet', 'attention', 'attention']
    Lab 14: 76,241 params, blocks=['branch_trunk', 'fourier']
    Lab 15: 7,921 params, blocks=['branch_trunk', 'fourier', 'wavelet']

  Phase 3: Peer Review...

  Phase 4: Composite Fitness...
    Lab 1 respawned from Lab 12 (paradigm: wavelet_spawn)
    Lab 7 respawned from Lab 3 (paradigm: fno_spawn_spawn)

================================================================================
  SWARM LEADERBOARD
================================================================================
  #1  Lab  2 (transformer_spawn ) | composite=0.0694 | trust=0.000 | [residual_conv+residual_conv+wavelet+fourier]
  #2  Lab  3 (fno_spawn         ) | composite=0.0686 | trust=0.000 | [fourier+attention+fourier+attention+fourier+residual_conv]
  #3  Lab 12 (wavelet           ) | composite=0.0681 | trust=0.000 | [attention+attention+residual_conv+attention]
  #4  Lab 11 (random            ) | composite=0.0676 | trust=0.000 | [branch_trunk+attention]
  #5  Lab 10 (random            ) | composite=0.0668 | trust=0.000 | [attention+branch_trunk]

  Global best: Lab 15 (fitness=0.0699)
  Best architecture: attention+attention+attention | ch=32 | modes=8 | act=silu
================================================================================


  ── Diversity Metrics ──
  Active paradigms: fno_spawn(2) fno_spawn_spawn(3) random(2) random_spawn(2) transformer_spawn(2) transformer_spawn_spawn(2) wavelet(2) wavelet_spawn(1) 
  Block usage: branch_trunk=31% attention=27% fourier=20% wavelet=15% residual_conv=7% 
  Architectural diversity index: 0.4198 (0=homogeneous, 1=maximally diverse)
  Detected 3 rival camp(s):
    Camp 'hybrid-mixed': Labs [0, 2, 3, 4, 6, 10, 11, 14, 15], avg composite=0.0662
    Camp 'branch_trunk-dominant': Labs [7, 8, 9], avg composite=0.0637
    Camp 'attention-dominant': Labs [12, 13], avg composite=0.0657
  ✓ checkpoint saved (iteration 14/20)

────────────────────────────────────────────────────────────────────────────────
  ITERATION 15/20
────────────────────────────────────────────────────────────────────────────────
  Active labs: 16/16

  Phase 1: Planning...

  Phase 2: Building and Training...
    Lab 0: 856,145 params, blocks=['fourier', 'attention', 'fourier', 'fourier', 'attention', 'branch_trunk', 'attention']
    Lab 1: 77,233 params, blocks=['attention', 'wavelet', 'wavelet']
    Lab 2: 143,641 params, blocks=['residual_conv', 'residual_conv', 'wavelet', 'fourier']
    Lab 3: 288,765 params, blocks=['fourier', 'branch_trunk', 'fourier', 'attention', 'fourier', 'residual_conv']
    Lab 4: 78,302 params, blocks=['branch_trunk', 'attention', 'wavelet']
    Lab 5: 177,473 params, blocks=['fourier', 'attention', 'fourier']
    Lab 6: 82,675 params, blocks=['wavelet', 'attention', 'fourier']
    Lab 7: 67,502 params, blocks=['branch_trunk', 'branch_trunk', 'branch_trunk', 'branch_trunk']
    Lab 8: 16,521 params, blocks=['branch_trunk', 'attention', 'branch_trunk']
    Lab 9: 106,190 params, blocks=['branch_trunk', 'branch_trunk', 'branch_trunk', 'branch_trunk']
    Lab 10: 6,443 params, blocks=['attention', 'branch_trunk']
    Lab 11: 60,712 params, blocks=['attention', 'attention']
    Lab 12: 36,925 params, blocks=['attention', 'attention', 'residual_conv']
    Lab 13: 174,633 params, blocks=['wavelet', 'attention', 'attention']
    Lab 14: 76,241 params, blocks=['branch_trunk', 'fourier']
    Lab 15: 6,305 params, blocks=['branch_trunk', 'fourier']

  Phase 3: Peer Review...

  Phase 4: Composite Fitness...
    Lab 6 respawned from Lab 0 (paradigm: transformer_spawn_spawn_spawn)
    Lab 4 respawned from Lab 15 (paradigm: random_spawn_spawn)

================================================================================
  SWARM LEADERBOARD
================================================================================
  #1  Lab 15 (random_spawn      ) | composite=0.0687 | trust=0.000 | [branch_trunk+fourier]
  #2  Lab  0 (transformer_spawn_spawn) | composite=0.0669 | trust=0.000 | [fourier+attention+fourier+fourier+attention+branch_trunk+attention]
  #3  Lab 12 (wavelet           ) | composite=0.0662 | trust=0.000 | [attention+attention+residual_conv]
  #4  Lab  2 (transformer_spawn ) | composite=0.0660 | trust=0.000 | [residual_conv+residual_conv+wavelet+fourier]
  #5  Lab 11 (random            ) | composite=0.0653 | trust=0.000 | [attention+attention]

  Global best: Lab 15 (fitness=0.0699)
  Best architecture: attention+attention+attention | ch=32 | modes=8 | act=silu
================================================================================


  ── Diversity Metrics ──
  Active paradigms: fno_spawn(2) fno_spawn_spawn(3) random(2) random_spawn(2) random_spawn_spawn(1) transformer_spawn(2) transformer_spawn_spawn(1) transformer_spawn_spawn_spawn(1) wavelet(1) wavelet_spawn(1) 
  Block usage: attention=30% fourier=28% branch_trunk=28% wavelet=7% residual_conv=7% 
  Architectural diversity index: 0.4436 (0=homogeneous, 1=maximally diverse)
  Detected 4 rival camp(s):
    Camp 'hybrid-mixed': Labs [0, 2, 3, 10, 14, 15], avg composite=0.0661
    Camp 'attention-dominant': Labs [4, 11, 12, 13], avg composite=0.0644
    Camp 'fourier-dominant': Labs [5, 6], avg composite=0.0612
    Camp 'branch_trunk-dominant': Labs [7, 8, 9], avg composite=0.0647
  ✓ checkpoint saved (iteration 15/20)

────────────────────────────────────────────────────────────────────────────────
  ITERATION 16/20
────────────────────────────────────────────────────────────────────────────────
  Active labs: 16/16

  Phase 1: Planning...

  Phase 2: Building and Training...
    Lab 0: 1,013,105 params, blocks=['fourier', 'fourier', 'attention', 'fourier', 'fourier', 'attention', 'branch_trunk', 'attention']
    Lab 1: 77,569 params, blocks=['attention', 'wavelet', 'wavelet', 'attention']
    Lab 2: 7,873 params, blocks=['residual_conv', 'residual_conv', 'wavelet', 'fourier']
    Lab 3: 12,049 params, blocks=['fourier', 'attention', 'branch_trunk', 'attention', 'fourier', 'residual_conv']
    Lab 4: 159,169 params, blocks=['attention', 'attention']
    Lab 5: 247,297 params, blocks=['fourier', 'attention', 'fourier', 'fourier']
    Lab 6: 939,281 params, blocks=['branch_trunk', 'fourier', 'fourier', 'fourier', 'fourier']
    Lab 7: 67,502 params, blocks=['branch_trunk', 'branch_trunk', 'branch_trunk', 'branch_trunk']
    Lab 8: 7,825 params, blocks=['branch_trunk', 'attention', 'branch_trunk']
    Lab 9: 108,897 params, blocks=['branch_trunk', 'branch_trunk', 'branch_trunk', 'branch_trunk']
    Lab 10: 9,367 params, blocks=['attention', 'branch_trunk']
    Lab 11: 24,236 params, blocks=['attention', 'attention']
    Lab 12: 92,125 params, blocks=['attention', 'attention', 'residual_conv']
    Lab 13: 7,757 params, blocks=['wavelet', 'branch_trunk', 'attention']
    Lab 14: 76,241 params, blocks=['branch_trunk', 'fourier']
    Lab 15: 3,745 params, blocks=['branch_trunk', 'fourier']

  Phase 3: Peer Review...

  Phase 4: Composite Fitness...
    Lab 8 respawned from Lab 15 (paradigm: random_spawn_spawn)
    Lab 13 respawned from Lab 0 (paradigm: transformer_spawn_spawn_spawn)

================================================================================
  SWARM LEADERBOARD
================================================================================
  #1  Lab 15 (random_spawn      ) | composite=0.0668 | trust=0.000 | [branch_trunk+fourier]
  #2  Lab  0 (transformer_spawn_spawn) | composite=0.0663 | trust=0.000 | [fourier+fourier+attention+fourier+fourier+attention+branch_trunk+attention]
  #3  Lab  6 (transformer_spawn_spawn_spawn) | composite=0.0651 | trust=0.000 | [branch_trunk+fourier+fourier+fourier+fourier]
  #4  Lab  2 (transformer_spawn ) | composite=0.0648 | trust=0.000 | [residual_conv+residual_conv+wavelet+fourier]
  #5  Lab  3 (fno_spawn         ) | composite=0.0644 | trust=0.000 | [fourier+attention+branch_trunk+attention+fourier+residual_conv]

  Global best: Lab 15 (fitness=0.0699)
  Best architecture: attention+attention+attention | ch=32 | modes=8 | act=silu
================================================================================


  ── Diversity Metrics ──
  Active paradigms: fno_spawn(2) fno_spawn_spawn(2) random(2) random_spawn(2) random_spawn_spawn(2) transformer_spawn(1) transformer_spawn_spawn(1) transformer_spawn_spawn_spawn(2) wavelet(1) wavelet_spawn(1) 
  Block usage: fourier=34% attention=31% branch_trunk=24% residual_conv=7% wavelet=5% 
  Architectural diversity index: 0.4434 (0=homogeneous, 1=maximally diverse)
  Detected 4 rival camp(s):
    Camp 'hybrid-mixed': Labs [0, 1, 2, 3, 10, 14, 15], avg composite=0.0639
    Camp 'attention-dominant': Labs [4, 8, 11, 12], avg composite=0.0618
    Camp 'fourier-dominant': Labs [5, 6, 13], avg composite=0.0627
    Camp 'branch_trunk-dominant': Labs [7, 9], avg composite=0.0626
  ✓ checkpoint saved (iteration 16/20)

────────────────────────────────────────────────────────────────────────────────
  ITERATION 17/20
────────────────────────────────────────────────────────────────────────────────
  Active labs: 16/16

  Phase 1: Planning...

  Phase 2: Building and Training...
    Lab 0: 163,193 params, blocks=['fourier', 'fourier', 'attention', 'fourier', 'fourier', 'attention', 'branch_trunk', 'attention']
    Lab 1: 77,569 params, blocks=['attention', 'wavelet', 'wavelet', 'attention']
    Lab 2: 7,793 params, blocks=['branch_trunk', 'residual_conv', 'wavelet', 'attention']
    Lab 3: 11,537 params, blocks=['fourier', 'attention', 'branch_trunk', 'attention', 'fourier', 'residual_conv']
    Lab 4: 22,969 params, blocks=['attention', 'attention']
    Lab 5: 144,046 params, blocks=['attention', 'attention', 'fourier', 'fourier']
    Lab 6: 1,202,449 params, blocks=['branch_trunk', 'fourier', 'fourier', 'fourier', 'fourier']
    Lab 7: 67,502 params, blocks=['branch_trunk', 'branch_trunk', 'branch_trunk', 'branch_trunk']
    Lab 8: 104,769 params, blocks=['attention', 'attention', 'attention']
    Lab 9: 135,253 params, blocks=['branch_trunk', 'branch_trunk', 'branch_trunk', 'fourier']
    Lab 10: 58,157 params, blocks=['attention', 'branch_trunk']
    Lab 11: 11,276 params, blocks=['attention', 'attention']
    Lab 12: 34,277 params, blocks=['attention', 'attention', 'residual_conv']
    Lab 13: 164,289 params, blocks=['fourier', 'fourier', 'fourier']
    Lab 14: 19,697 params, blocks=['branch_trunk', 'fourier']
    Lab 15: 102,145 params, blocks=['fourier', 'fourier']

  Phase 3: Peer Review...

  Phase 4: Composite Fitness...
    Lab 9 respawned from Lab 2 (paradigm: transformer_spawn_spawn)
    Lab 12 respawned from Lab 7 (paradigm: fno_spawn_spawn_spawn)

================================================================================
  SWARM LEADERBOARD
================================================================================
  #1  Lab 15 (random_spawn      ) | composite=0.0694 | trust=0.000 | [fourier+fourier]
  #2  Lab  7 (fno_spawn_spawn   ) | composite=0.0674 | trust=0.000 | [branch_trunk+branch_trunk+branch_trunk+branch_trunk]
  #3  Lab  2 (transformer_spawn ) | composite=0.0670 | trust=0.000 | [branch_trunk+residual_conv+wavelet+attention]
  #4  Lab  6 (transformer_spawn_spawn_spawn) | composite=0.0657 | trust=0.000 | [branch_trunk+fourier+fourier+fourier+fourier]
  #5  Lab  0 (transformer_spawn_spawn) | composite=0.0652 | trust=0.000 | [fourier+fourier+attention+fourier+fourier+attention+branch_trunk+attention]

  Global best: Lab 15 (fitness=0.0699)
  Best architecture: attention+attention+attention | ch=32 | modes=8 | act=silu
================================================================================


  ── Diversity Metrics ──
  Active paradigms: fno_spawn(2) fno_spawn_spawn(1) fno_spawn_spawn_spawn(1) random(2) random_spawn(2) random_spawn_spawn(2) transformer_spawn(1) transformer_spawn_spawn(2) transformer_spawn_spawn_spawn(2) wavelet_spawn(1) 
  Block usage: fourier=33% attention=33% branch_trunk=25% wavelet=5% residual_conv=4% 
  Architectural diversity index: 0.4443 (0=homogeneous, 1=maximally diverse)
  Detected 4 rival camp(s):
    Camp 'hybrid-mixed': Labs [0, 1, 2, 3, 5, 10, 12, 14], avg composite=0.0631
    Camp 'attention-dominant': Labs [4, 8, 11], avg composite=0.0623
    Camp 'fourier-dominant': Labs [6, 13, 15], avg composite=0.0660
    Camp 'branch_trunk-dominant': Labs [7, 9], avg composite=0.0634
  ✓ checkpoint saved (iteration 17/20)

────────────────────────────────────────────────────────────────────────────────
  ITERATION 18/20
────────────────────────────────────────────────────────────────────────────────
  Active labs: 16/16

  Phase 1: Planning...

  Phase 2: Building and Training...
    Lab 0: 163,193 params, blocks=['fourier', 'fourier', 'attention', 'fourier', 'fourier', 'attention', 'branch_trunk', 'attention']
    Lab 1: 100,849 params, blocks=['attention', 'wavelet', 'residual_conv', 'attention']
    Lab 2: 12,859 params, blocks=['branch_trunk', 'residual_conv', 'wavelet', 'branch_trunk']
    Lab 3: 21,043 params, blocks=['fourier', 'branch_trunk', 'branch_trunk', 'attention', 'attention', 'residual_conv']
    Lab 4: 4,769 params, blocks=['attention', 'attention']
    Lab 5: 74,088 params, blocks=['attention', 'attention', 'fourier', 'attention']
    Lab 6: 11,313 params, blocks=['branch_trunk', 'fourier', 'fourier', 'fourier', 'fourier']
    Lab 7: 41,937 params, blocks=['branch_trunk', 'fourier', 'attention', 'branch_trunk']
    Lab 8: 129,473 params, blocks=['attention', 'residual_conv', 'attention', 'attention']
    Lab 9: 23,956 params, blocks=['branch_trunk', 'branch_trunk', 'branch_trunk']
    Lab 10: 96,883 params, blocks=['attention', 'branch_trunk']
    Lab 11: 16,081 params, blocks=['attention', 'attention']
    Lab 12: 72,913 params, blocks=['branch_trunk', 'attention']
    Lab 13: 177,409 params, blocks=['fourier', 'wavelet', 'attention', 'fourier']
    Lab 14: 9,205 params, blocks=['attention', 'fourier']
    Lab 15: 8,879 params, blocks=['attention', 'fourier']

  Phase 3: Peer Review...

  Phase 4: Composite Fitness...
    Lab 5 respawned from Lab 6 (paradigm: transformer_spawn_spawn_spawn_spawn)
    Lab 1 respawned from Lab 6 (paradigm: transformer_spawn_spawn_spawn_spawn)

================================================================================
  SWARM LEADERBOARD
================================================================================
  #1  Lab  2 (transformer_spawn ) | composite=0.0697 | trust=0.000 | [branch_trunk+residual_conv+wavelet+branch_trunk]
  #2  Lab 12 (fno_spawn_spawn_spawn) | composite=0.0697 | trust=0.000 | [branch_trunk+attention]
  #3  Lab  6 (transformer_spawn_spawn_spawn) | composite=0.0691 | trust=0.000 | [branch_trunk+fourier+fourier+fourier+fourier]
  #4  Lab  9 (transformer_spawn_spawn) | composite=0.0691 | trust=0.000 | [branch_trunk+branch_trunk+branch_trunk]
  #5  Lab  8 (random_spawn_spawn) | composite=0.0677 | trust=0.000 | [attention+residual_conv+attention+attention]

  Global best: Lab 15 (fitness=0.0699)
  Best architecture: attention+attention+attention | ch=32 | modes=8 | act=silu
================================================================================


  ── Diversity Metrics ──
  Active paradigms: fno_spawn(1) fno_spawn_spawn(1) fno_spawn_spawn_spawn(1) random(2) random_spawn(2) random_spawn_spawn(2) transformer_spawn(1) transformer_spawn_spawn(2) transformer_spawn_spawn_spawn(2) transformer_spawn_spawn_spawn_spawn(2) 
  Block usage: attention=31% fourier=24% branch_trunk=22% wavelet=17% residual_conv=5% 
  Architectural diversity index: 0.4369 (0=homogeneous, 1=maximally diverse)
  Detected 3 rival camp(s):
    Camp 'hybrid-mixed': Labs [0, 2, 3, 7, 10, 12, 13, 14, 15], avg composite=0.0668
    Camp 'wavelet-dominant': Labs [1, 5], avg composite=0.0637
    Camp 'attention-dominant': Labs [4, 8, 11], avg composite=0.0662
  ✓ checkpoint saved (iteration 18/20)

────────────────────────────────────────────────────────────────────────────────
  ITERATION 19/20
────────────────────────────────────────────────────────────────────────────────
  Active labs: 16/16

  Phase 1: Planning...

  Phase 2: Building and Training...
    Lab 0: 26,273 params, blocks=['fourier', 'fourier', 'attention', 'fourier', 'fourier', 'attention', 'branch_trunk', 'attention']
    Lab 1: 14,145 params, blocks=['wavelet', 'wavelet', 'fourier', 'wavelet']
    Lab 2: 41,853 params, blocks=['branch_trunk', 'residual_conv', 'wavelet', 'branch_trunk']
    Lab 3: 250,591 params, blocks=['fourier', 'branch_trunk', 'branch_trunk', 'attention', 'attention', 'residual_conv']
    Lab 4: 4,769 params, blocks=['attention', 'attention']
    Lab 5: 80,410 params, blocks=['attention', 'wavelet', 'wavelet', 'wavelet']
    Lab 6: 23,601 params, blocks=['branch_trunk', 'fourier', 'fourier', 'fourier', 'fourier']
    Lab 7: 43,361 params, blocks=['branch_trunk', 'residual_conv', 'fourier', 'attention']
    Lab 8: 153,665 params, blocks=['wavelet', 'attention', 'residual_conv', 'attention', 'residual_conv']
    Lab 9: 36,456 params, blocks=['branch_trunk', 'branch_trunk', 'branch_trunk']
    Lab 10: 45,321 params, blocks=['attention', 'fourier']
    Lab 11: 66,961 params, blocks=['attention', 'attention']
    Lab 12: 72,913 params, blocks=['branch_trunk', 'attention']
    Lab 13: 9,281 params, blocks=['fourier', 'wavelet', 'attention', 'fourier']
    Lab 14: 12,169 params, blocks=['attention', 'attention']
    Lab 15: 5,825 params, blocks=['attention', 'attention']

  Phase 3: Peer Review...

  Phase 4: Composite Fitness...
    ★ NEW GLOBAL BEST: Lab 1 (composite=0.0699)
    Lab 10 respawned from Lab 9 (paradigm: transformer_spawn_spawn_spawn)
    Lab 13 respawned from Lab 6 (paradigm: transformer_spawn_spawn_spawn_spawn)

================================================================================
  SWARM LEADERBOARD
================================================================================
  #1  Lab  1 (transformer_spawn_spawn_spawn_spawn) | composite=0.0699 | trust=0.000 | [wavelet+wavelet+fourier+wavelet]
  #2  Lab  6 (transformer_spawn_spawn_spawn) | composite=0.0692 | trust=0.000 | [branch_trunk+fourier+fourier+fourier+fourier]
  #3  Lab  9 (transformer_spawn_spawn) | composite=0.0686 | trust=0.000 | [branch_trunk+branch_trunk+branch_trunk]
  #4  Lab  8 (random_spawn_spawn) | composite=0.0671 | trust=0.000 | [wavelet+attention+residual_conv+attention+residual_conv]
  #5  Lab 12 (fno_spawn_spawn_spawn) | composite=0.0671 | trust=0.000 | [branch_trunk+attention]

  Global best: Lab 1 (fitness=0.0699)
  Best architecture: wavelet+wavelet+fourier+wavelet | ch=16 | modes=16 | act=silu
================================================================================


  ── Diversity Metrics ──
  Active paradigms: fno_spawn(1) fno_spawn_spawn(1) fno_spawn_spawn_spawn(1) random(1) random_spawn(2) random_spawn_spawn(2) transformer_spawn(1) transformer_spawn_spawn(2) transformer_spawn_spawn_spawn(2) transformer_spawn_spawn_spawn_spawn(3) 
  Block usage: attention=31% branch_trunk=23% wavelet=20% fourier=18% residual_conv=8% 
  Architectural diversity index: 0.4304 (0=homogeneous, 1=maximally diverse)
  Detected 4 rival camp(s):
    Camp 'hybrid-mixed': Labs [0, 2, 3, 7, 8, 12], avg composite=0.0661
    Camp 'wavelet-dominant': Labs [1, 5, 13], avg composite=0.0651
    Camp 'attention-dominant': Labs [4, 11, 14, 15], avg composite=0.0641
    Camp 'branch_trunk-dominant': Labs [9, 10], avg composite=0.0654
  ✓ checkpoint saved (iteration 19/20)

────────────────────────────────────────────────────────────────────────────────
  ITERATION 20/20
────────────────────────────────────────────────────────────────────────────────
  Active labs: 16/16

  Phase 1: Planning...

  Phase 2: Building and Training...
    Lab 0: 43,793 params, blocks=['fourier', 'fourier', 'wavelet', 'fourier', 'fourier', 'attention', 'branch_trunk', 'attention']
    Lab 1: 133,393 params, blocks=['attention', 'wavelet', 'wavelet', 'attention', 'wavelet']
    Lab 2: 101,621 params, blocks=['branch_trunk', 'wavelet', 'branch_trunk', 'branch_trunk']
    Lab 3: 301,549 params, blocks=['fourier', 'wavelet', 'branch_trunk', 'attention', 'attention', 'residual_conv']
    Lab 4: 14,820 params, blocks=['attention', 'wavelet']
    Lab 5: 80,410 params, blocks=['attention', 'wavelet', 'wavelet', 'wavelet']
    Lab 6: 9,777 params, blocks=['wavelet', 'fourier', 'fourier', 'fourier', 'fourier']
    Lab 7: 59,129 params, blocks=['branch_trunk', 'residual_conv', 'fourier', 'attention']
    Lab 8: 14,225 params, blocks=['wavelet', 'attention', 'residual_conv', 'attention', 'residual_conv']
    Lab 9: 51,556 params, blocks=['branch_trunk', 'branch_trunk', 'branch_trunk']
    Lab 10: 81,985 params, blocks=['branch_trunk', 'branch_trunk', 'attention', 'branch_trunk']
    Lab 11: 4,129 params, blocks=['attention', 'branch_trunk']
    Lab 12: 5,185 params, blocks=['branch_trunk', 'attention']
    Lab 13: 76,801 params, blocks=['wavelet', 'wavelet', 'wavelet', 'wavelet']
    Lab 14: 7,617 params, blocks=['fourier', 'branch_trunk']
    Lab 15: 5,825 params, blocks=['attention', 'attention']

  Phase 3: Peer Review...

  Phase 4: Composite Fitness...
    Lab 5 respawned from Lab 9 (paradigm: transformer_spawn_spawn_spawn)
    Lab 4 respawned from Lab 6 (paradigm: transformer_spawn_spawn_spawn_spawn)

================================================================================
  SWARM LEADERBOARD
================================================================================
  #1  Lab  6 (transformer_spawn_spawn_spawn) | composite=0.0699 | trust=0.000 | [wavelet+fourier+fourier+fourier+fourier]
  #2  Lab  9 (transformer_spawn_spawn) | composite=0.0668 | trust=0.000 | [branch_trunk+branch_trunk+branch_trunk]
  #3  Lab  2 (transformer_spawn ) | composite=0.0658 | trust=0.000 | [branch_trunk+wavelet+branch_trunk+branch_trunk]
  #4  Lab  3 (fno_spawn         ) | composite=0.0653 | trust=0.000 | [fourier+wavelet+branch_trunk+attention+attention+residual_conv]
  #5  Lab 15 (random_spawn      ) | composite=0.0650 | trust=0.000 | [attention+attention]

  Global best: Lab 1 (fitness=0.0699)
  Best architecture: wavelet+wavelet+fourier+wavelet | ch=16 | modes=16 | act=silu
================================================================================


  ── Diversity Metrics ──
  Active paradigms: fno_spawn(1) fno_spawn_spawn(1) fno_spawn_spawn_spawn(1) random(1) random_spawn(2) random_spawn_spawn(1) transformer_spawn(1) transformer_spawn_spawn(2) transformer_spawn_spawn_spawn(3) transformer_spawn_spawn_spawn_spawn(3) 
  Block usage: branch_trunk=29% attention=25% wavelet=22% fourier=17% residual_conv=6% 
  Architectural diversity index: 0.4321 (0=homogeneous, 1=maximally diverse)
  Detected 3 rival camp(s):
    Camp 'hybrid-mixed': Labs [0, 3, 7, 8, 11, 12, 14], avg composite=0.0642
    Camp 'wavelet-dominant': Labs [1, 4, 13], avg composite=0.0626
    Camp 'branch_trunk-dominant': Labs [2, 5, 9, 10], avg composite=0.0644
  ✓ checkpoint saved (iteration 20/20)

================================================================================
  FINAL REPORT: AI SCIENTIFIC COMMUNITY RESULTS
================================================================================

  ★ GLOBAL BEST ARCHITECTURE ★
  Discovered by: Lab 1
  Composite fitness: 0.0699
  Block sequence: wavelet → wavelet → fourier → wavelet
  Hidden channels: 16
  Fourier modes: 16
  Activation: silu
  Gating: True | Skip: False | Dropout: 0.010264192104442824
  LR: 0.00010005274650291536 | WD: 0.0001

  ── Architecture Classification ──
  Type: HYBRID
  Components: wavelet(75%), fourier(25%)
  Notable: Multi-scale spectral hybrid

  ── All Labs Final State ──
  [ACTIVE] Lab 6 (transformer_spawn_spawn_spawn): [wavelet+fourier+fourier+fourier+fourier] ch=16 modes=2 | acc=0.0000, gen=0.0000, eff=0.9969, nov=1.0000, comp=0.0699 | trust=0.000
  [ACTIVE] Lab 9 (transformer_spawn_spawn): [branch_trunk+branch_trunk+branch_trunk] ch=59 modes=13 | acc=0.0000, gen=0.0000, eff=0.9938, nov=0.9149, comp=0.0668 | trust=0.000
  [ACTIVE] Lab 2 (transformer_spawn): [branch_trunk+wavelet+branch_trunk+branch_trunk] ch=67 modes=13 | acc=0.0000, gen=0.0000, eff=0.9880, nov=0.8924, comp=0.0658 | trust=0.000
  [ACTIVE] Lab 3 (fno_spawn): [fourier+wavelet+branch_trunk+attention+attention+residual_conv] ch=77 modes=14 | acc=0.0000, gen=0.0000, eff=0.9675, nov=0.8976, comp=0.0653 | trust=0.000
  [ACTIVE] Lab 15 (random_spawn): [attention+attention] ch=16 modes=7 | acc=0.0000, gen=0.0000, eff=0.9984, nov=0.8582, comp=0.0650 | trust=0.000
  [ACTIVE] Lab 0 (transformer_spawn_spawn): [fourier+fourier+wavelet+fourier+fourier+attention+branch_trunk+attention] ch=19 modes=14 | acc=0.0000, gen=0.0000, eff=0.9915, nov=0.8603, comp=0.0648 | trust=0.000
  [ACTIVE] Lab 8 (random_spawn_spawn): [wavelet+attention+residual_conv+attention+residual_conv] ch=16 modes=14 | acc=0.0000, gen=0.0000, eff=0.9964, nov=0.8500, comp=0.0646 | trust=0.000
  [ACTIVE] Lab 7 (fno_spawn_spawn): [branch_trunk+residual_conv+fourier+attention] ch=36 modes=12 | acc=0.0000, gen=0.0000, eff=0.9923, nov=0.8445, comp=0.0643 | trust=0.000
  [ACTIVE] Lab 14 (random_spawn): [fourier+branch_trunk] ch=19 modes=13 | acc=0.0000, gen=0.0000, eff=0.9985, nov=0.8354, comp=0.0642 | trust=0.000
  [ACTIVE] Lab 13 (transformer_spawn_spawn_spawn_spawn): [wavelet+wavelet+wavelet+wavelet] ch=48 modes=8 | acc=0.0000, gen=0.0000, eff=0.9910, nov=0.8201, comp=0.0634 | trust=0.000
  [ACTIVE] Lab 12 (fno_spawn_spawn_spawn): [branch_trunk+attention] ch=16 modes=8 | acc=0.0000, gen=0.0000, eff=0.9985, nov=0.8107, comp=0.0633 | trust=0.000
  [ACTIVE] Lab 11 (random): [attention+branch_trunk] ch=16 modes=16 | acc=0.0000, gen=0.0000, eff=0.9987, nov=0.8026, comp=0.0630 | trust=0.000
  [ACTIVE] Lab 10 (transformer_spawn_spawn_spawn): [branch_trunk+branch_trunk+attention+branch_trunk] ch=48 modes=8 | acc=0.0000, gen=0.0000, eff=0.9899, nov=0.8039, comp=0.0628 | trust=0.000
  [ACTIVE] Lab 1 (transformer_spawn_spawn_spawn_spawn): [attention+wavelet+wavelet+attention+wavelet] ch=48 modes=16 | acc=0.0000, gen=0.0000, eff=0.9842, nov=0.7965, comp=0.0623 | trust=0.000
  [ACTIVE] Lab 4 (transformer_spawn_spawn_spawn_spawn): [wavelet+wavelet+attention] ch=48 modes=8 | acc=0.0000, gen=0.0000, eff=0.9977, nov=0.7796, comp=0.0622 | trust=0.400
  [ACTIVE] Lab 5 (transformer_spawn_spawn_spawn): [branch_trunk+branch_trunk+attention+branch_trunk] ch=96 modes=10 | acc=0.0000, gen=0.0000, eff=0.9905, nov=0.7810, comp=0.0620 | trust=0.400

  ── Global Best Evolution ──
  Iter  1: fitness=0.0696 | lab=10 | blocks=branch_trunk+fourier | active=16
  Iter  2: fitness=0.0698 | lab=13 | blocks=branch_trunk+wavelet+branch_trunk+branch_trunk | active=16
  Iter  3: fitness=0.0698 | lab=13 | blocks=branch_trunk+wavelet+branch_trunk+branch_trunk | active=16
  Iter  4: fitness=0.0699 | lab=15 | blocks=attention+attention+attention | active=16
  Iter  5: fitness=0.0699 | lab=15 | blocks=attention+attention+attention | active=16
  Iter  6: fitness=0.0699 | lab=15 | blocks=attention+attention+attention | active=16
  Iter  7: fitness=0.0699 | lab=15 | blocks=attention+attention+attention | active=16
  Iter  8: fitness=0.0699 | lab=15 | blocks=attention+attention+attention | active=16
  Iter  9: fitness=0.0699 | lab=15 | blocks=attention+attention+attention | active=16
  Iter 10: fitness=0.0699 | lab=15 | blocks=attention+attention+attention | active=16
  Iter 11: fitness=0.0699 | lab=15 | blocks=attention+attention+attention | active=16
  Iter 12: fitness=0.0699 | lab=15 | blocks=attention+attention+attention | active=16
  Iter 13: fitness=0.0699 | lab=15 | blocks=attention+attention+attention | active=16
  Iter 14: fitness=0.0699 | lab=15 | blocks=attention+attention+attention | active=16
  Iter 15: fitness=0.0699 | lab=15 | blocks=attention+attention+attention | active=16
  Iter 16: fitness=0.0699 | lab=15 | blocks=attention+attention+attention | active=16
  Iter 17: fitness=0.0699 | lab=15 | blocks=attention+attention+attention | active=16
  Iter 18: fitness=0.0699 | lab=15 | blocks=attention+attention+attention | active=16
  Iter 19: fitness=0.0699 | lab=1 | blocks=wavelet+wavelet+fourier+wavelet | active=16
  Iter 20: fitness=0.0699 | lab=1 | blocks=wavelet+wavelet+fourier+wavelet | active=16

  ✓ FINAL.json written. Done.
